O B-Corruption I-Corruption I-Corruption I-Corruption I-Corruption I-Corruption I-Corruption I-Corruption I-Corruption I-Corruption I-Corruption I-Corruption I-Corruption I-Corruption I-Corruption I-Corruption I-Corruption I-Corruption I-Corruption I-Corruption I-Corruption I-Corruption I-Corruption I-Corruption I-Corruption I-Corruption I-Corruption I-Corruption I-Corruption I-Corruption I-Corruption I-Corruption I-Corruption I-Corruption I-Corruption I-Corruption I-Corruption I-Corruption I-Corruption I-Corruption I-Corruption O O O O O O O O O O O O O O O O O O O O O
O O O O O O O O O O O O O O O O O O O O O O O O O O O O O O O O O O B-Murder I-Murder I-Murder I-Murder I-Murder I-Murder O O O O O O O O O O O O O O O O O O O O O O O O O O O O O O O O O
O O O O O O O O O O O O O O O O O O O O O O O O O O O O O O O O O O O B-Murder I-Murder I-Murder O O O O O O O O O O O O O O O O O O O O O O O O O O O O O O O O O O
O O O O O O O O O O O O O O O O O O B-Robbery I-Robbery I-Robbery I-Robbery I-Robbery I-Robbery O O O O O O O O O O O O O O O O O O O O O O O O O O O O O O O O O O O
O O O O O O O O O O O O O O O O O O O O O O O O O O O O O O O O O B-LandDispute I-LandDispute I-LandDispute I-LandDispute I-LandDispute I-LandDispute I-LandDispute I-LandDispute I-LandDispute O O O O O O O O O O O O O O O O O O O O O O O O O O O O O O O O O
O O O O O O O O O O O O O O O O O O O O O O O O O O O O O O O O O O O O O O B-Murder I-Murder I-Murder O O O O O O O O O O O O O O O O O O O O O O O O O O O O O O O O O O
O O O O O O O O O O O O O O O O O O O O O O O O O O O O O O O O O O O O B-Robbery I-Robbery I-Robbery I-Robbery I-Robbery I-Robbery O O O O O O O O O O O O O O O O O O O O O O O O O O O O O O O O O O
O O O O O O O O O O O O O B-Corruption I-Corruption I-Corruption I-Corruption I-Corruption I-Corruption I-Corruption I-Corruption O O O O O O O O O O O O O O O
O O O O O O O O O O O O O O O O O O O O O O O O O O O O O O O O O O B-Murder I-Murder I-Murder I-Murder O O O O O O O O O O O O O O O O O O O O O O O O O O O O O O O O
O O O O O O O O O O O O O O O O O B-Murder I-Murder I-Murder O O O O O O O O O O O O O O O O O O O O O O O O O O O O O O
O O O O O O O O O O O O O O O O O O O O O O O O O O O O O O O O O O O O O O O O B-LandDispute I-LandDispute I-LandDispute I-LandDispute O O O O O O O O O O O O O O O O O O O O O O O O O
O O O O O O O O O O O O O O O O O O O O O O O O O O B-Corruption I-Corruption I-Corruption I-Corruption I-Corruption O O O O O O O O O O O O O O O O O O O O O O O O O O O O
O O O O O O O O O O B-LandDispute I-LandDispute I-LandDispute I-LandDispute I-LandDispute I-LandDispute I-LandDispute I-LandDispute I-LandDispute O O O O O O O O O O O O O O O O O O O O O O O O O O O
O O O O O O O O O O O O O O O O O O O O O O O O O O O O O O O O O O O O O B-Murder I-Murder I-Murder I-Murder I-Murder I-Murder I-Murder O O O O O O O O O O O O O O O O O O O O O O O O O O O O O
O O O O O O O O O O O O O O O O O O O O O O O B-Murder I-Murder I-Murder I-Murder I-Murder I-Murder I-Murder I-Murder I-Murder I-Murder O O O O O O O O O O O O
O O O O O O O O O O O O O O O O O O O O O O O O O O O O O O O O O O B-LandDispute I-LandDispute I-LandDispute I-LandDispute I-LandDispute I-LandDispute I-LandDispute O O O O O O O O O O O O O O O O O O O O O O O O O O O O O O O
O O O O O O O O O O O O O O O O O O O O O O O O O O O O O B-Murder I-Murder I-Murder O O O O O O O O O O O O O O O O O O O O O O O O O O O O O O O O O O
O O O O O O O O O O O O O O O O O O O B-LandDispute I-LandDispute I-LandDispute I-LandDispute O O O O O O O O O O O O O O O O O O O O O O O O O O O O O O O
O O O O O O O O O O O O O O O O O O O O O O O O O O O O O O O O B-Murder I-Murder I-Murder I-Murder I-Murder I-Murder I-Murder I-Murder I-Murder O O O O O O O O O O O O O O O O O O O O O O O O O O O O O O O O O
O O O O O O O O O O O O O O O O O O O O O O O O O B-Murder I-Murder I-Murder I-Murder I-Murder I-Murder I-Murder I-Murder I-Murder I-Murder I-Murder I-Murder I-Murder O O O O O O O O O O O O O O O O O O O O O O O O O
O B-Corruption I-Corruption I-Corruption I-Corruption I-Corruption I-Corruption I-Corruption I-Corruption I-Corruption I-Corruption O O O O O O O O O O O O O O O O O O O O
O O O O O O O O O O O O O O O O O O O O O O O O O O O O O O O O O O O B-LandDispute I-LandDispute I-LandDispute O O O O O O O O O O O O O O O O O O O O O O O
O O O O O O O O O O O O O O O O O O O O O B-LandDispute I-LandDispute I-LandDispute O O O O O O O O O O O O O O O O O O O O O O O O O O O O O O O O
O O O O O O O O O O O O O O O O O O O O O O O O O O O O O O O O O O O O O B-Murder I-Murder I-Murder I-Murder O O O O O O O O O O O O O O O O O O O O O O O O O O O O O O O O
O O O O O O O O O O O O O O O O O O O O O O O O O O O O O O O O O O O O O B-LandDispute I-LandDispute I-LandDispute I-LandDispute I-LandDispute I-LandDispute I-LandDispute O O O O O O O O O O O O O O O O O O O O O O O O O O O O O O O O O O O O O O O O
O O O O O O O O O O O O O O O O O O O O O O O O O B-Corruption I-Corruption I-Corruption I-Corruption O O O O O O O O O O O O O O O O O O O O O O O O O O O O O O O O O
O O O O O O O O O O O O O O O O O O O O O B-Robbery I-Robbery I-Robbery O O O O O O O O O O O O O O O O O O O O O O O O O O O O O O O O O O O O
O O O O O O O O O O O O O O O O O O O O O O O O O O O O B-Robbery I-Robbery I-Robbery I-Robbery I-Robbery O O O O O O O O O O O O O O O O O O O O O O O O
O O O O O O O O O O O O O O O O O O O O O O O O O O O O O O O O O O O O O O B-LandDispute I-LandDispute I-LandDispute I-LandDispute O O O O O O O O O O O O O O O O O O O O O O O O O O O
O O O O O O O O O O O O O O O O O O O O O O O O O B-LandDispute I-LandDispute O O O O O O O O O O O O O O O O O O O O O O O O O O O O O O O O O
O O O O O O O O O O O O O O O O O O O O O O O O O O O O O O B-Corruption I-Corruption I-Corruption O O O O O O O O O O O O O O O O O O O O O O O O O O O O O O O
O O O O O O O O O O O O O O O O O O O O O O O O O O O O O B-Murder I-Murder I-Murder I-Murder O O O O O O O O O O O O O O O O O O O O O O O O O O O O O O O O O O O O O O
O O O O O O O O O O O O O O O O O O O O O O O O O O O O O O O B-LandDispute I-LandDispute I-LandDispute I-LandDispute I-LandDispute I-LandDispute I-LandDispute O O O O O O O O O O O O O O O O O O O O O O O O O O O O
O O O O O O O O O O O O O O O O B-Robbery I-Robbery I-Robbery I-Robbery O O O O O O O O O O O O O O O O O O O O O O
O O O O O O O O O O O O O O O O O O O O O O O O O O O O O O O O O O O O O O O O O B-Murder I-Murder I-Murder I-Murder I-Murder I-Murder O O O O O O O O O O O O O O O O O O O O O O O O O O O O O O O O O O
O O O O O O O O O O O O O O O O O O O O O O O O O O O O O O O O O O O O O O O B-Murder I-Murder I-Murder I-Murder I-Murder I-Murder O O O O O O O O O O O O O O O O O O O O O
O O O O O O O O O O O O O O O O O O O O O O O O O O O O O B-Murder I-Murder I-Murder I-Murder I-Murder I-Murder I-Murder I-Murder I-Murder I-Murder I-Murder I-Murder I-Murder I-Murder I-Murder I-Murder I-Murder I-Murder I-Murder I-Murder I-Murder I-Murder I-Murder I-Murder I-Murder I-Murder I-Murder I-Murder I-Murder O O O O O O O O O O O O O O O O O O O O O O O O O O O O O O O O O
O O O O O O O O O O O O O O O O O B-LandDispute I-LandDispute I-LandDispute I-LandDispute I-LandDispute I-LandDispute I-LandDispute O O O O O O O O O O O O O O O O O O O O O O O O O O
O O O O O O O O O O O O O O O O O O O O O O O O O O O O O O O O O O B-Murder I-Murder I-Murder I-Murder I-Murder I-Murder O O O O O O O O O O O O O O O O O O O O O O O O O
O O O O O O O O O O O O O O O O O O O O O O O O O O O B-Murder I-Murder I-Murder O O O O O O O O O O O O O O O O O O O O O O O O O O O O O O
O O O O O O O O O O O O O O O O O O O O O O O O O O O O O O B-LandDispute I-LandDispute I-LandDispute I-LandDispute I-LandDispute I-LandDispute O O O O O O O O O O O O O O O O O O O O O O O O O O O O O O O O
O O O O O O O O O O O O O O O O O O O O O O O O O O O O O O O O O B-Robbery I-Robbery I-Robbery I-Robbery O O O O O O O O O O O O O O O O O O O O O O O O O O O O O O O O O O
O O O O O O O O O O O O O O O O O O O O O O O O O O O O O O O B-Robbery I-Robbery I-Robbery O O O O O O O O O O O O O O O O O O O O O O O O O O O O O O O O O O
O O O O O O O O O O O O O O O O O O O O O O O O O O O O O O O O O O B-Murder I-Murder I-Murder O O O O O O O
O B-LandDispute I-LandDispute I-LandDispute I-LandDispute I-LandDispute I-LandDispute I-LandDispute I-LandDispute I-LandDispute I-LandDispute I-LandDispute I-LandDispute I-LandDispute O
O O O O O O O O O O O O O O O O O O O O O O O O O O O O O O O O O O B-Murder I-Murder I-Murder I-Murder O O O O O O O O O O O O O O O O O O O O O O O O O O O O O O O O
O O O O O O O O O O O O O O O O B-Murder I-Murder I-Murder I-Murder O O O O O O O O O O O O O O O O O O O
O O O O O O O O O O O O O O O O O O O O O O O O O O O O O O O O O O O B-Murder I-Murder I-Murder I-Murder I-Murder I-Murder I-Murder O O O O O O O O O O O O O O O O O O O O O O O O O O O O O O O O O O
O O O O O O O O O O O O O O O O O O O O O O O O B-Corruption I-Corruption I-Corruption O O O O O O O O O O O O O O O O O O O O O O O O O O O O O O O O O O O O O
O O O O O O O O O O O O O O O O O O O O O O O O O O O O O O O O O O O O O B-Murder I-Murder I-Murder I-Murder O O O O O O O O O O O O O O O O O O O O O O O O O O O O O O O O O O O O O
O O O O B-Murder I-Murder I-Murder I-Murder I-Murder I-Murder I-Murder I-Murder I-Murder I-Murder I-Murder I-Murder I-Murder I-Murder I-Murder I-Murder I-Murder I-Murder O O O O O
O O O O O O O O O O O O O O O O O O O O O O O O O O O O O O O O O O O O B-Murder I-Murder I-Murder I-Murder I-Murder I-Murder I-Murder O O O O O O O O O O O O O O O O O O O O O O O O O O O O O O O O O
O O O O O O O O O O O O O O O O B-LandDispute I-LandDispute I-LandDispute I-LandDispute O O O O O O O O O O O O O O O O O O O O O O O O O O O O O
O O O O O O O O O O O O O O O O O O O O O O O O O O O O O O O O O O O O O B-Corruption I-Corruption I-Corruption I-Corruption I-Corruption I-Corruption I-Corruption I-Corruption O O O O O O O O O O O O O O O O O O O O O O O O O O O O O O O O O O O O O O O
O O O O O O O O O O O O O O O O O O O O O O O O O O O B-Robbery I-Robbery I-Robbery I-Robbery I-Robbery I-Robbery I-Robbery I-Robbery I-Robbery I-Robbery O O O O O O O O O O O O O O O O O O O O O O O O O O O O O O O O O
O O O O O O O O O O O O O O O O O O O O O O O O O O O O O O O O O O O O O O B-Murder I-Murder I-Murder I-Murder I-Murder I-Murder O O O O O O O O O O O O O O O O O O O O O O O O O O O O O O O O
O O O O O O O O O O O O O O O O O O O O O O O O O O O O O O O O B-Murder I-Murder O O O O O O O O O O O O O O O O O O O O O O O O O O O O O O O O
O B-Corruption I-Corruption I-Corruption I-Corruption I-Corruption I-Corruption I-Corruption I-Corruption I-Corruption I-Corruption I-Corruption I-Corruption I-Corruption I-Corruption I-Corruption I-Corruption I-Corruption I-Corruption I-Corruption I-Corruption I-Corruption I-Corruption I-Corruption I-Corruption I-Corruption I-Corruption I-Corruption I-Corruption I-Corruption I-Corruption I-Corruption I-Corruption I-Corruption I-Corruption I-Corruption O O O O O O O O O O O O O O O O O O O O O O O O O O O O O
O O O O O O O O O O O O O O O O O O O O O O O O O O O O O O O O O B-Murder I-Murder I-Murder I-Murder I-Murder I-Murder O
O O O O O O O O O O O O O O O O O O O O O O O O O O O O O O O O O O B-Murder I-Murder I-Murder I-Murder I-Murder I-Murder I-Murder O O O O O O O O O O O O O O O O O O O O
O O O O O O O O O O O O O O O O O O O O O O O O O O O O O O O O O B-LandDispute I-LandDispute I-LandDispute I-LandDispute I-LandDispute I-LandDispute I-LandDispute O O O O O O O O O O O O O O O O O O O O O O O O O O O O O
O O O O O O O O O O O O O O O O O O O O O B-LandDispute I-LandDispute I-LandDispute I-LandDispute I-LandDispute I-LandDispute I-LandDispute I-LandDispute I-LandDispute I-LandDispute I-LandDispute I-LandDispute I-LandDispute I-LandDispute I-LandDispute I-LandDispute I-LandDispute I-LandDispute I-LandDispute O O O O O O O O O O O O O O O O O O O
O O O O O O O O O O O O O O O O O O O O O O O B-Robbery I-Robbery I-Robbery I-Robbery I-Robbery I-Robbery O O O O O O O O O O O O O O O O O O O O O O O
O O O O O O O O O O O O O O O O O O O O O O O O O O O O O O O O O O O O O O O O O B-Corruption I-Corruption I-Corruption I-Corruption I-Corruption I-Corruption I-Corruption I-Corruption O O O O O O O O O O O O O O O O O O O O O O O O O O O O O O O O O O O O O
O O O O O O O O O O O O O O O O O O O O O O O O O O O O O O B-Robbery I-Robbery I-Robbery I-Robbery I-Robbery O O O O O O O O O O O O O O O O O O O O O O O O O O O O O
O O O O O O O O O O O O O O O O O O O O O O O O O O O O O O B-LandDispute I-LandDispute I-LandDispute I-LandDispute I-LandDispute O O O O O O O O O O O O O O O O O O O O O O O O O O O O O O O O O
O B-LandDispute I-LandDispute I-LandDispute I-LandDispute I-LandDispute I-LandDispute I-LandDispute I-LandDispute I-LandDispute I-LandDispute I-LandDispute I-LandDispute I-LandDispute I-LandDispute I-LandDispute I-LandDispute I-LandDispute I-LandDispute I-LandDispute I-LandDispute I-LandDispute I-LandDispute I-LandDispute O O O O O O O O O O O O O O O O O O O O
O O O O O O O O O O O O O O O O O O O O O O O O O O O O O O O O O B-Murder I-Murder I-Murder I-Murder O O O O O O O O O O O O O O O O O O O O O O O O O O O O O O O O O O O O O
O O O O O O O O O O O O O O O O O O O O O O O O O O O O O O O O O O O O B-Murder I-Murder O O O O O O O O O O O O O O O O O O O O O O O O
O O O O O O O O O O O O O O O O B-LandDispute I-LandDispute I-LandDispute I-LandDispute I-LandDispute I-LandDispute I-LandDispute O O O O O O O O O O O O O O O O O O O O O O O O O O O O O O O
O O O O O O O O O O O O O O O O O O O O O B-Robbery I-Robbery I-Robbery I-Robbery I-Robbery I-Robbery I-Robbery I-Robbery O O O O O O O O O O O O O O O O O
O O O O O O O O O O O O B-Corruption I-Corruption I-Corruption I-Corruption I-Corruption I-Corruption I-Corruption I-Corruption I-Corruption I-Corruption I-Corruption I-Corruption I-Corruption I-Corruption I-Corruption I-Corruption I-Corruption I-Corruption O O O O O O O O O O O O O O O O O O O O O O O O O O O O O O
O O O O O O O O O O O O O O O O O O B-Corruption I-Corruption I-Corruption I-Corruption I-Corruption I-Corruption I-Corruption I-Corruption I-Corruption I-Corruption I-Corruption I-Corruption I-Corruption I-Corruption I-Corruption I-Corruption I-Corruption I-Corruption I-Corruption I-Corruption I-Corruption I-Corruption I-Corruption I-Corruption I-Corruption I-Corruption I-Corruption O O O O O O O O O O O O O O O O O O O O O
O O O O O O O O O O O O O O O O O O O O O O O O O O O O O O O O O O O O O B-LandDispute I-LandDispute I-LandDispute I-LandDispute I-LandDispute O O O O O O O O O O O O O O O O O O O O O O O O O O O O O
O O O O O O O O O O O O O O O O O O O O O O O O O O O O O O O O O O O O B-Murder I-Murder I-Murder I-Murder I-Murder O O O O O O O O O O O O O O O O O O O O O O O O O O O O O O O O O O O O O
O O O O O O O O O O O O O O O O O O O O O O O O O O O O O O O O B-LandDispute I-LandDispute I-LandDispute I-LandDispute I-LandDispute O O O O O O O O O O O O O O O O O O O O O O O O O O O O O O O O O
O O O O O O O O O O O O O O O O O O O O O O O O O O O O O O O O O B-Robbery I-Robbery I-Robbery I-Robbery I-Robbery I-Robbery O O O O O O O O O O O O O O O O O O O O O O O O O O O O O O O O O O O O O O O
O O O O O O O O O O O O O O O O O O O O O O O O O O O O O O O O O O O B-Corruption I-Corruption I-Corruption I-Corruption I-Corruption I-Corruption O O O O O O O O O O O O O O O O O O O O O O O O O O O O O O O O O O
O O O O O O O O O O O O O O O O O O O O O O O O O O O O O O O O O O O O B-Murder I-Murder I-Murder I-Murder I-Murder I-Murder O O O O O O O O O O O O O O O O O O O O O O O O O O O O O O O O O O O O O O O O O O O O O O O O O O
O O O O O O O O O O O O O O O O O O O O O O O O O O O O O O O O O O O O B-Murder I-Murder I-Murder I-Murder I-Murder I-Murder O O O O O O O O O O O O O O O O O O O O O O O O O O O O O O O O O
O O O O O O O O O O O O O O O O O O O O O O O O O O O O O B-Corruption I-Corruption I-Corruption O O O O O O O O O O O O O O O O O O O O O O O O O O O O O O O O
O B-Murder I-Murder I-Murder I-Murder I-Murder I-Murder I-Murder I-Murder I-Murder I-Murder I-Murder I-Murder I-Murder I-Murder I-Murder I-Murder I-Murder I-Murder I-Murder I-Murder I-Murder I-Murder I-Murder I-Murder I-Murder I-Murder I-Murder I-Murder O O O O
O O O O O O O O O O O O O O O O O O O O O O O O O O O O O O O O O O O O O O O O B-Robbery I-Robbery I-Robbery I-Robbery I-Robbery I-Robbery O O O O O O O O O O O O O O O O O O O O O O O O O O O O O O O O
O O O O O O O O O O O O O O O O O O O O O O O O O O O O O O O O O O O O O B-Murder I-Murder I-Murder I-Murder I-Murder I-Murder I-Murder I-Murder I-Murder I-Murder O O O O O O O O O O O O O O O O O O O O O O O O O O O O O O O O O O O
O O O O O O O O O O O O O O O O O O O O O O O O O O O O O O O O B-Corruption I-Corruption I-Corruption I-Corruption O O O O O O O O O O O O O O O O O O O O O O O O O O O O O
O O O O O O O O O O O O O O O O O O O O O O O O B-Murder I-Murder I-Murder I-Murder O O O O O O O O O O O O O O O O O O O
O O O O O O B-Murder I-Murder I-Murder I-Murder I-Murder O O O O O O O O O O O O O O O O O O O O O O O O O O O O O O O O O
O O O O O O O O O O O O O O O O O O O O O O O O O O O O O O B-Corruption I-Corruption I-Corruption I-Corruption I-Corruption I-Corruption O O O O O O O O O O O O O O O O O O O O O O O O O
O O O O O O O O O O O O O O O O O O O O O O O O O O O O O O O O O B-Robbery I-Robbery I-Robbery I-Robbery O O O O O O O O O O O O O O O O O O O O O O O O O O O O O O O
O O O O O O O O O O O O O B-LandDispute I-LandDispute I-LandDispute I-LandDispute I-LandDispute I-LandDispute I-LandDispute I-LandDispute I-LandDispute I-LandDispute I-LandDispute I-LandDispute I-LandDispute I-LandDispute I-LandDispute I-LandDispute O O O O O O O O O O O O O
O O O O O O O O O O O O O O O O B-Corruption I-Corruption I-Corruption I-Corruption I-Corruption I-Corruption I-Corruption I-Corruption I-Corruption I-Corruption I-Corruption O
O O O O O O O O O O O O O O O O O O O O O O O O O O O O O O O O O O O O O O B-Robbery I-Robbery I-Robbery I-Robbery I-Robbery I-Robbery I-Robbery I-Robbery O O O O O O O O O O O O O O O O O O O
O O O O O O O O O O O O O O O O O O O O O O O B-LandDispute I-LandDispute O O O O O O O O O O O O O O O O O O O O O O O O O O O O O O O O O O O O O O O
O O O O O O O O O O O O O O O O O B-LandDispute I-LandDispute I-LandDispute I-LandDispute I-LandDispute I-LandDispute I-LandDispute I-LandDispute I-LandDispute O O O O O O O O O O O O O O O O O
O O O O O O B-Robbery I-Robbery I-Robbery I-Robbery O O
O O O O O O O O O O O O O O O O O O O O O O O O O O O O O O O O O O O O B-Robbery I-Robbery I-Robbery O O O O O O O O O O O O O O O O O O O O O O O O O O O O O O
O O O O O O O O O O O O O O O O O O O O O O O O O O O B-Murder I-Murder I-Murder O O O O O O O O O O O O O O O O O O O O O O O O O O O O O O O O O O O
O O O O O O O O O O O O O O O O O O O O O O O O O O O O O B-LandDispute I-LandDispute I-LandDispute I-LandDispute I-LandDispute I-LandDispute I-LandDispute I-LandDispute O O O O O O O O O O O O O O O O O O O O O O O O O
O O O O O O O O O O O O O O O O O O O O O O O O B-Murder I-Murder I-Murder I-Murder I-Murder I-Murder I-Murder I-Murder O O O O
O O O O O O O O O O O O O O O O O O O O O O O B-Corruption I-Corruption O O O O O O O O O O O O O O O O O O O O O
O O O O O O O O O O O O O O O O O B-LandDispute I-LandDispute I-LandDispute I-LandDispute I-LandDispute I-LandDispute I-LandDispute I-LandDispute I-LandDispute I-LandDispute O O O O O O O O O O O O O O O O O O O O O O
O O O O O O O O O O O O O O O O O O O O O O O O O O O O O O O O O O O B-Corruption I-Corruption I-Corruption I-Corruption I-Corruption I-Corruption I-Corruption O O O O O O O O O O O O O O O O O O O O O O O O O O O O O O
O O O O O O O O O O O O B-Murder I-Murder I-Murder I-Murder O O O O O O O O O O O O O O O O O O O O
O O O O O O O O O O B-Corruption I-Corruption I-Corruption I-Corruption I-Corruption I-Corruption I-Corruption I-Corruption I-Corruption I-Corruption I-Corruption I-Corruption I-Corruption I-Corruption I-Corruption I-Corruption I-Corruption I-Corruption I-Corruption I-Corruption I-Corruption I-Corruption I-Corruption I-Corruption I-Corruption I-Corruption I-Corruption I-Corruption I-Corruption I-Corruption I-Corruption I-Corruption I-Corruption I-Corruption I-Corruption I-Corruption O
O O O O O O O O O O O O O O O O O O O O O O O O O O O B-LandDispute I-LandDispute I-LandDispute I-LandDispute I-LandDispute O O O O O O O O O O O O O O O O O O O O O O O O O O O
O B-Corruption I-Corruption I-Corruption I-Corruption I-Corruption I-Corruption I-Corruption I-Corruption I-Corruption I-Corruption I-Corruption I-Corruption I-Corruption I-Corruption I-Corruption I-Corruption I-Corruption I-Corruption I-Corruption I-Corruption I-Corruption I-Corruption I-Corruption I-Corruption I-Corruption I-Corruption I-Corruption I-Corruption I-Corruption I-Corruption I-Corruption I-Corruption O O O O O O O O O O O O O O O O O O
O O O O O O O O O O O O O O O O O O O O O O O O O O O O O O O O O O O O O O O B-Robbery I-Robbery I-Robbery I-Robbery I-Robbery I-Robbery I-Robbery O O O O O O O O O O O O O O O O O O O O O O O O O O O
O O O O O O O O O O O O O O O O O O O O O O O O O O O O O O O O B-Robbery I-Robbery I-Robbery I-Robbery O O O O O O O O O O O O O O O O O O O O O O O O O O O O O O O O O O
O O O O O O O O O O O O O O O O O O O O O O O O O O O O O O O O B-Robbery I-Robbery I-Robbery I-Robbery O O O O O O O O O O O O O O O O O O O O O O O O O O O O O O O O
O O O O O O O B-Corruption I-Corruption I-Corruption O O O O O O O O O O O O O O O O O O O O O O O O O O O O O
O B-LandDispute I-LandDispute I-LandDispute I-LandDispute I-LandDispute I-LandDispute I-LandDispute I-LandDispute I-LandDispute I-LandDispute I-LandDispute I-LandDispute I-LandDispute O O O O O O O O O O O O O O O O O O O O O O
O O O O O O O O O O O O O O O O O O O O O O O O O O O O O O O O O O O O O O B-Corruption I-Corruption I-Corruption I-Corruption O O O O O O O O O O O O O O O O O O O O O O O O O O O O O O O O O
O O O O O O O O O O O O O O O O O O O O O O O O O O O O O O O O O O B-Murder I-Murder I-Murder I-Murder I-Murder I-Murder I-Murder I-Murder I-Murder O O O O O O O O O O O O O O O O O O O O O O O O O O O O O O O O O O O O
O O O O O O O O O O O O O O O O O O O O O O O O O O O O O O O O O O O O O O O B-LandDispute I-LandDispute I-LandDispute I-LandDispute O O O O O O O O O O O O O O O O O O O O O O O O O O O O O O O O O O O O
O O O O O O O O O O O O B-Robbery I-Robbery I-Robbery I-Robbery I-Robbery I-Robbery I-Robbery O O
O O O O O O O O O O O O O O O O O O O O O O O O O O O O O O O O O B-Murder I-Murder I-Murder I-Murder I-Murder I-Murder I-Murder O O O O O O O O O O O O O O O O O O O O O O O O O O
O O O O O O O O O O O O B-LandDispute I-LandDispute I-LandDispute I-LandDispute I-LandDispute I-LandDispute I-LandDispute I-LandDispute I-LandDispute I-LandDispute I-LandDispute I-LandDispute I-LandDispute O O O O O O O O O O O O O O O O O O O O O O O O O O O O
O O O O O O O O O O O O O O O O O O O O O O O O O O O O O O O O O O O O B-Murder I-Murder I-Murder I-Murder O O O O O O O O O O O O O O O O O O O O O O O O O O O O O O O O O O O O O O
O O O O O O O O O O O O O O O O O O O O O O O B-Robbery I-Robbery I-Robbery I-Robbery O O O O O O O O O O O O O O O O O O O O O O O O O O O O O O O O O
O O O O O O O O O O O O O O O O O O O O O B-LandDispute I-LandDispute I-LandDispute I-LandDispute I-LandDispute I-LandDispute O O O O O O O O O O O O O O O O O O O O O O O O O O O O O O O
O O O O O B-Murder I-Murder I-Murder I-Murder I-Murder I-Murder I-Murder I-Murder I-Murder I-Murder I-Murder I-Murder I-Murder I-Murder I-Murder I-Murder I-Murder I-Murder I-Murder I-Murder I-Murder I-Murder I-Murder I-Murder I-Murder I-Murder I-Murder I-Murder I-Murder I-Murder I-Murder I-Murder I-Murder I-Murder I-Murder I-Murder I-Murder I-Murder O
O O O O O O O O O O O O O O O O O O O O O O O O O O O O B-Murder I-Murder I-Murder I-Murder I-Murder I-Murder I-Murder I-Murder O O O O O O O O O O O O O O O O O O O O O O O O O O O O O O O O O O O
O O O O O O O O O O O O O O O O O O O O O O O O O O O O O O O O B-Murder I-Murder I-Murder I-Murder I-Murder I-Murder I-Murder O O O O O O O O O O O O O O O O O O O O O O O O O O O O O O
O O O O O O O O O O O O O O O O O O O O O O O O O O O O O O O B-Murder I-Murder O O O O O O O O O O O O O O O O O O O O O O O O O O
O B-LandDispute I-LandDispute I-LandDispute I-LandDispute I-LandDispute O O O O
O O O O O O O O O O O O O O O O O O O O O O O O O O O O O B-Robbery I-Robbery I-Robbery I-Robbery O O O O O O O O O O O O O O O O O O O O O O O O O O O O O O O O O O O O O O O O
O O O O O O O O O O O O O O O O O O O O O O O O O O O O O B-Murder I-Murder I-Murder O O O O O O O O O O O O O O O O O O O O O O O O O O O O O O O
O O O O O O O O O O O O O O O O O O O O O O O O O O O O O O O B-Robbery I-Robbery I-Robbery I-Robbery O O O O O O O O O O O O O O O O O O O O O O O O O O O O O O O O O O O
O O O O O O O O O O O O O O O O O O O O O O O O O O O O O O O O O O O O B-Robbery I-Robbery I-Robbery I-Robbery I-Robbery O O O O O O O O O O O O O O O O O O O O O O O O O O O O O O O O O O O O O O O O O
O O O O O O O O O O O O O O O O O O O O O O O O O O O O O O O O O O O B-LandDispute I-LandDispute I-LandDispute I-LandDispute O O O O O O O O O O O O O O O O O O O O O O O O O O O O O O O
O O O O O O O O O O O O O O O O O O O O O O O O O O O O O O O O O B-LandDispute I-LandDispute I-LandDispute I-LandDispute O O O O O O O O O O O O O O O O O O O O O O O O O O O O O
O O O O O O O O O O O O O O O O O O O O O O O O O O O O O O O O O O O O O O O O B-LandDispute I-LandDispute I-LandDispute O O O O O O O O O O O O O O O O O O O O O O
O O O O O O O O O O O O O O O O O O O B-Murder I-Murder I-Murder I-Murder I-Murder I-Murder I-Murder I-Murder O O O O O O O O O O O O O O O O O O O O O O O O O O O O O O O O O
O O O O O O O O O O O O O O O O O O O O B-LandDispute I-LandDispute I-LandDispute I-LandDispute I-LandDispute I-LandDispute I-LandDispute I-LandDispute I-LandDispute I-LandDispute I-LandDispute I-LandDispute I-LandDispute O O O O O O O O O O O O O O O O O O O O O
O O O O O O O O O O O O O O O O O O O O O O O O O O O O O O O O O O B-LandDispute I-LandDispute I-LandDispute I-LandDispute I-LandDispute I-LandDispute I-LandDispute I-LandDispute I-LandDispute O O O O O O O O O O O O O O O O O O O O O O O O O O O O O O O O O O
O O O O O O O O O O O O O O O O O O O O O O O O O O O O O B-Robbery I-Robbery I-Robbery I-Robbery O O O O O O O O O O O O O O O O O O O O O O O O O O O O O O O O O
O O O O O O O O O O O O O O O O O O O O O O O O O O O O O O O O O O O O B-LandDispute I-LandDispute I-LandDispute I-LandDispute I-LandDispute O O O O O O O O O O O O O O O O O O O O O O O O O O O O O O O O O O
O O O O O O O O O O O O O O O O O O O O O O O O O O O O O O O O O O O O O B-Murder I-Murder I-Murder O O O O O O O
O O O O O O O O O O O O O O B-LandDispute I-LandDispute I-LandDispute I-LandDispute I-LandDispute I-LandDispute I-LandDispute I-LandDispute I-LandDispute I-LandDispute I-LandDispute I-LandDispute I-LandDispute I-LandDispute O O O O O O O O O O O O O O O O O O O O O O O O O O O O O O O
O O O O O O O O O O O O O O O O O O O O O O O O O O O O O O O O B-Robbery I-Robbery I-Robbery O O O O O O O O O O O O O O O O O O O O O O
O O O O O O O O O O O O O O O O O O O O O O O O O O O O B-Corruption I-Corruption I-Corruption I-Corruption I-Corruption O O O O O O O O O O O O O O O O O O O O O O O O O O O O O O O O O O O O O O O
O O O O O O O O O O O O O O O O O O O O O O O O O O O O O O O O O O B-Corruption I-Corruption I-Corruption I-Corruption I-Corruption O O O O O O O
O O O O O O O O O O O O O O O O O O O O O O O O B-LandDispute I-LandDispute I-LandDispute I-LandDispute I-LandDispute I-LandDispute I-LandDispute O O O O O O O O O O O
O B-Corruption I-Corruption I-Corruption I-Corruption I-Corruption O O O O O O
O O O O O O O O O O O O O O O O O O O O B-Corruption I-Corruption I-Corruption I-Corruption I-Corruption I-Corruption I-Corruption I-Corruption I-Corruption I-Corruption I-Corruption I-Corruption I-Corruption I-Corruption I-Corruption I-Corruption I-Corruption I-Corruption I-Corruption I-Corruption I-Corruption I-Corruption I-Corruption I-Corruption I-Corruption I-Corruption I-Corruption O O O O O O O O O O
O O O O O O O O O O O O O O O O O O O O O O O O O O O O O O O O O O B-LandDispute I-LandDispute I-LandDispute I-LandDispute I-LandDispute I-LandDispute I-LandDispute O O O O O O O O O O O O O O O O O O O O O O O O O O O O O O O O
